AREA .  .ABS.
	RADIX HEX
	BASE 0000
	SIZE 0000
	ATTRIB ABS OVR
	GLOBALS
		l__HEAP	0000
		l__BSEG	0000
		l_.  .ABS.	0000
		l__GSFINAL	0000
		l__ISEG	0000
		s_.  .ABS.	0000
		s__HEADER	0000
		l__XSEG	0000
		.init	0000
		l__OVERLAY	0000
		l__LIT	0000
		l__GSINIT	0000
		l__GSINITTAIL	0001
		l__DATA	0003
		l__BSS	0059
		l__BASE	0168
		l__HOME	01AC
		l__HEADER	01E1
		s__CODE	0200
		l__CODE	0351
		s__HOME	0551
		s__BASE	06FD
		s__GSINITTAIL	0865
		s__LIT	0865
		s__GSINIT	0865
		s__GSFINAL	0866
		.OAM	C000
		s__DATA	C0A0
		s__BSS	C0A3
		s__HEAP	C0FC
		s__BSEG	C0FC
		s__ISEG	C0FC
		s__XSEG	C0FC
		s__OVERLAY	C0FC
		.STACK	E000
		.refresh_OAM	FF80
AREA _CODE
	RADIX HEX
	BASE 0200
	SIZE 0351
	ATTRIB REL CON
	GLOBALS
		_main	0200
		_init_interrupts	0236
		_update_music	0264
		_Player_init	028B
		_sprite	035C
		_Player_move	037C
		_Sound_init	045B
		_Sound_play	04B6
		_beep	0512
AREA _HEADER
	RADIX HEX
	BASE 0000
	SIZE 01E1
	ATTRIB ABS OVR
	GLOBALS
		_exit	01D2
AREA _HOME
	RADIX HEX
	BASE 0551
	SIZE 01AC
	ATTRIB REL CON
	GLOBALS
		.set_mode	0551
		.remove_VBL	0561
		.remove_LCD	0567
		.remove_TIM	056D
		.remove_SIO	0573
		.remove_JOY	0579
		.add_VBL	057F
		.add_LCD	0585
		.add_TIM	058B
		.add_SIO	0591
		.add_JOY	0597
		.remove_int	059D
		.add_int	05BD
		.wait_vbl_done	05D9
		_wait_vbl_done	05D9
		_display_off	05F0
		.display_off	05F0
		.serial_IO	0611
		_mode	0640
		_get_mode	0649
		_enable_interrupts	064E
		_disable_interrupts	0650
		_reset	0652
		.reset	0652
		_set_interrupts	0658
		_remove_VBL	0663
		_remove_LCD	066E
		_remove_TIM	0679
		_remove_SIO	0684
		_remove_JOY	068F
		_add_VBL	069A
		_add_LCD	06A5
		_add_TIM	06B0
		_add_SIO	06BB
		_add_JOY	06C6
		_clock	06D1
		__printTStates	06DA
		banked_call	06DB
		banked_ret	06F4
AREA _BASE
	RADIX HEX
	BASE 06FD
	SIZE 0168
	ATTRIB REL CON
	GLOBALS
		.mv_sprite	06FD
		_move_sprite	070C
		_set_win_data	0719
		_set_bkg_data	0719
		_set_sprite_data	0766
		.padup	0795
		_waitpadup	0795
		.jpad	07A5
		.wait_pad	07D2
		_joypad	07D9
		_waitpad	07DE
		.set_sprite_tile	07E8
		_set_sprite_tile	07F5
		.delay	0800
		_delay	083A
		.copy_vram	0843
		_get_data	0852
		_set_data	0852
AREA _LIT
	RADIX HEX
	BASE 0865
	SIZE 0000
	ATTRIB REL CON
AREA _GSINIT
	RADIX HEX
	BASE 0865
	SIZE 0000
	ATTRIB REL CON
	GLOBALS
		gsinit	0865
AREA _GSINITTAIL
	RADIX HEX
	BASE 0865
	SIZE 0001
	ATTRIB REL CON
AREA _GSFINAL
	RADIX HEX
	BASE 0866
	SIZE 0000
	ATTRIB REL CON
AREA _DATA
	RADIX HEX
	BASE C0A0
	SIZE 0003
	ATTRIB REL CON
	GLOBALS
		_sound	C0A0
		_count	C0A1
AREA _BSS
	RADIX HEX
	BASE C0A3
	SIZE 0059
	ATTRIB REL CON
	GLOBALS
		__cpu	C0A3
		.mode	C0A4
		__io_out	C0A5
		__io_in	C0A6
		__io_status	C0A7
		.vbl_done	C0A8
		__current_bank	C0A9
		_sys_time	C0AA
		.sys_time	C0AA
		.int_0x40	C0AC
		.int_0x48	C0BC
		.int_0x50	C0CC
		.int_0x58	C0DC
		.int_0x60	C0EC
AREA _HEAP
	RADIX HEX
	BASE C0FC
	SIZE 0000
	ATTRIB REL CON
	GLOBALS
		_malloc_heap_start	C0FC
AREA _OVERLAY
	RADIX HEX
	BASE C0FC
	SIZE 0000
	ATTRIB REL CON
AREA _ISEG
	RADIX HEX
	BASE C0FC
	SIZE 0000
	ATTRIB REL CON
AREA _BSEG
	RADIX HEX
	BASE C0FC
	SIZE 0000
	ATTRIB REL CON
AREA _XSEG
	RADIX HEX
	BASE C0FC
	SIZE 0000
	ATTRIB REL CON
MODULES
	FILE /usr/local/Cellar/gbdk/HEAD-0d4a435/libexec/lib/small/asxxxx/gb/crt0.o
		NAME Runtime
	FILE /var/folders/fl/qnqz2l457m19_p96zpphwj5m0000gn/T/lcc34722.o
		NAME lcc34720
	FILE /var/folders/fl/qnqz2l457m19_p96zpphwj5m0000gn/T/lcc34723.o
		NAME lcc34720
	FILE /var/folders/fl/qnqz2l457m19_p96zpphwj5m0000gn/T/lcc34724.o
		NAME lcc34720
LIBRARIES
	LIBRARY /usr/local/Cellar/gbdk/HEAD-0d4a435/libexec/lib/small/asxxxx/gb/gb.lib
		MODULE mv_spr.o
	LIBRARY /usr/local/Cellar/gbdk/HEAD-0d4a435/libexec/lib/small/asxxxx/gb/gb.lib
		MODULE set_data.o
	LIBRARY /usr/local/Cellar/gbdk/HEAD-0d4a435/libexec/lib/small/asxxxx/gb/gb.lib
		MODULE pad.o
	LIBRARY /usr/local/Cellar/gbdk/HEAD-0d4a435/libexec/lib/small/asxxxx/gb/gb.lib
		MODULE set_spr.o
	LIBRARY /usr/local/Cellar/gbdk/HEAD-0d4a435/libexec/lib/small/asxxxx/gb/gb.lib
		MODULE delay.o
	LIBRARY /usr/local/Cellar/gbdk/HEAD-0d4a435/libexec/lib/small/asxxxx/gb/gb.lib
		MODULE cpy_data.o
USERBASEDEF
	_CODE=0x0200
	_DATA=0xC0A0
	_CODE_1=0x4000
USERGLOBALDEF
	.OAM=0xC000
	.STACK=0xE000
	.refresh_OAM=0xFF80
	.init=0x0000
