AREA .  .ABS.
	RADIX HEX
	BASE 0000
	SIZE 0000
	ATTRIB ABS OVR
	GLOBALS
		l__DATA	0000
		l__HEAP	0000
		l__BSEG	0000
		l_.  .ABS.	0000
		l__GSFINAL	0000
		l__ISEG	0000
		s_.  .ABS.	0000
		s__HEADER	0000
		l__XSEG	0000
		.init	0000
		l__OVERLAY	0000
		l__LIT	0000
		l__GSINIT	0000
		l__GSINITTAIL	0001
		l__BSS	0087
		l__HEADER	01EB
		s__CODE	0200
		l__HOME	03FA
		l__CODE	097F
		s__HOME	0B7F
		l__BASE	0EBA
		s__BASE	0F79
		s__GSINITTAIL	1E33
		s__LIT	1E33
		s__GSINIT	1E33
		s__GSFINAL	1E34
		.OAM	C000
		s__DATA	C0A0
		s__BSS	C0A0
		s__HEAP	C127
		s__BSEG	C127
		s__ISEG	C127
		s__XSEG	C127
		s__OVERLAY	C127
		.STACK	E000
		.refresh_OAM	FF80
AREA _CODE
	RADIX HEX
	BASE 0200
	SIZE 097F
	ATTRIB REL CON
	GLOBALS
		_main	0200
		_gprintn	029D
		.adv_gcurs	030C
		.circle	0329
		.horlin	03CC
		.verlin	0404
		.circplot	0460
		.box	04DE
		.line	05B4
		.xonly	06D5
		.yonly	0824
		.plot	0845
		.wrbyte	0862
		.getpix	08E4
		.wrtchr	0919
		_gotogxy	097D
		_wrtchr	0988
		_getpix	099D
		_color	09A9
		_circle	09B8
		_box	09D2
		_line	09F6
		_plot_point	0A0E
		_plot	0A22
		__divschar_rrx_s	0A3E
		__divschar_rrx_hds	0A45
		__modschar_rrx_s	0A4C
		__modschar_rrx_hds	0A53
		__divsint_rrx_s	0A58
		__divsint_rrx_hds	0A64
		__modsint_rrx_s	0A6C
		__modsint_rrx_hds	0A78
		__divuchar_rrx_s	0A7E
		__divuchar_rrx_hds	0A85
		__moduchar_rrx_s	0A8C
		__moduchar_rrx_hds	0A93
		__divuint_rrx_s	0A98
		__divuint_rrx_hds	0AA4
		__moduint_rrx_s	0AAC
		__moduint_rrx_hds	0AB8
		.mod8	0ABE
		.div8	0ABE
		.mod16	0AC6
		.div16	0AC6
		.modu8	0B00
		.divu8	0B00
		.modu16	0B03
		.divu16	0B03
		_putchar	0B40
		_setchar	0B49
		_gotoxy	0B52
		_posx	0B5D
		_posy	0B6E
AREA _HEADER
	RADIX HEX
	BASE 0000
	SIZE 01EB
	ATTRIB ABS OVR
	GLOBALS
		_exit	01D2
AREA _HOME
	RADIX HEX
	BASE 0B7F
	SIZE 03FA
	ATTRIB REL CON
	GLOBALS
		.set_mode	0B7F
		.remove_VBL	0B8F
		.remove_LCD	0B95
		.remove_TIM	0B9B
		.remove_SIO	0BA1
		.remove_JOY	0BA7
		.add_VBL	0BAD
		.add_LCD	0BB3
		.add_TIM	0BB9
		.add_SIO	0BBF
		.add_JOY	0BC5
		.remove_int	0BCB
		.add_int	0BEB
		.wait_vbl_done	0C07
		_wait_vbl_done	0C07
		_display_off	0C1E
		.display_off	0C1E
		.serial_IO	0C3F
		_mode	0C6E
		_get_mode	0C77
		_enable_interrupts	0C7C
		_disable_interrupts	0C7E
		_reset	0C80
		.reset	0C80
		_set_interrupts	0C86
		_remove_VBL	0C91
		_remove_LCD	0C9C
		_remove_TIM	0CA7
		_remove_SIO	0CB2
		_remove_JOY	0CBD
		_add_VBL	0CC8
		_add_LCD	0CD3
		_add_TIM	0CDE
		_add_SIO	0CE9
		_add_JOY	0CF4
		_clock	0CFF
		__printTStates	0D08
		banked_call	0D09
		banked_ret	0D22
		_gprintf	0D2B
		_digits	0F45
		_gprint	0F58
AREA _BASE
	RADIX HEX
	BASE 0F79
	SIZE 0EBA
	ATTRIB REL CON
	GLOBALS
		.padup	0F79
		_waitpadup	0F79
		.jpad	0F89
		.wait_pad	0FB6
		_joypad	0FBD
		_waitpad	0FC2
		.delay	0FCC
		_delay	1006
		.gmode	100F
		.vbl	1071
		.lcd	107C
		.draw_image	1089
		.switch_data	1093
		_switch_data	10CA
		_draw_image	10E5
		.y_table	10F8
		.init_vram	1218
		.init_wtt	1226
		.init_btt	1236
		.init_tt	1244
		.copy_vram	124A
		_get_data	1259
		_set_data	1259
		_font_load_ibm_fixed	126C
		_font_ibm_fixed	1273
		_font_ibm_fixed_tiles	1375
		font_copy_uncompressed	1B75
		font_copy_compressed	1BAB
		font_load	1C00
		font_copy_current	1C48
		font_set	1C90
		.put_char	1C9D
		.out_char	1CB6
		.del_char	1CBD
		_font_load	1D18
		_font_set	1D26
		_font_init	1D35
		_cls	1D57
		.cls	1D57
		.cr_curs	1D89
		.adv_curs	1D9E
		.tmode	1DFA
		.tmode_out	1E23
AREA _LIT
	RADIX HEX
	BASE 1E33
	SIZE 0000
	ATTRIB REL CON
AREA _GSINIT
	RADIX HEX
	BASE 1E33
	SIZE 0000
	ATTRIB REL CON
	GLOBALS
		gsinit	1E33
AREA _GSINITTAIL
	RADIX HEX
	BASE 1E33
	SIZE 0001
	ATTRIB REL CON
AREA _GSFINAL
	RADIX HEX
	BASE 1E34
	SIZE 0000
	ATTRIB REL CON
AREA _DATA
	RADIX HEX
	BASE C0A0
	SIZE 0000
	ATTRIB REL CON
AREA _BSS
	RADIX HEX
	BASE C0A0
	SIZE 0087
	ATTRIB REL CON
	GLOBALS
		__cpu	C0A0
		.mode	C0A1
		__io_out	C0A2
		__io_in	C0A3
		__io_status	C0A4
		.vbl_done	C0A5
		__current_bank	C0A6
		_sys_time	C0A7
		.sys_time	C0A7
		.int_0x40	C0A9
		.int_0x48	C0B9
		.int_0x50	C0C9
		.int_0x58	C0D9
		.int_0x60	C0E9
		.fg_colour	C0F9
		.bg_colour	C0FA
		font_current	C10F
		font_first_free_tile	C112
		font_table	C113
		.curx	C125
		.cury	C126
AREA _HEAP
	RADIX HEX
	BASE C127
	SIZE 0000
	ATTRIB REL CON
	GLOBALS
		_malloc_heap_start	C127
AREA _OVERLAY
	RADIX HEX
	BASE C127
	SIZE 0000
	ATTRIB REL CON
AREA _ISEG
	RADIX HEX
	BASE C127
	SIZE 0000
	ATTRIB REL CON
AREA _BSEG
	RADIX HEX
	BASE C127
	SIZE 0000
	ATTRIB REL CON
AREA _XSEG
	RADIX HEX
	BASE C127
	SIZE 0000
	ATTRIB REL CON
MODULES
	FILE /usr/local/Cellar/gbdk/HEAD-0d4a435/libexec/lib/small/asxxxx/gb/crt0.o
		NAME Runtime
	FILE beep.o
		NAME lcc147010
LIBRARIES
	LIBRARY /usr/local/Cellar/gbdk/HEAD-0d4a435/libexec/lib/small/asxxxx/gb/gb.lib
		MODULE gprintf.o
	LIBRARY /usr/local/Cellar/gbdk/HEAD-0d4a435/libexec/lib/small/asxxxx/gb/gb.lib
		MODULE gprintn.o
	LIBRARY /usr/local/Cellar/gbdk/HEAD-0d4a435/libexec/lib/small/asxxxx/gb/gb.lib
		MODULE digits.o
	LIBRARY /usr/local/Cellar/gbdk/HEAD-0d4a435/libexec/lib/small/asxxxx/gb/gb.lib
		MODULE pad.o
	LIBRARY /usr/local/Cellar/gbdk/HEAD-0d4a435/libexec/lib/small/asxxxx/gb/gb.lib
		MODULE delay.o
	LIBRARY /usr/local/Cellar/gbdk/HEAD-0d4a435/libexec/lib/small/asxxxx/gb/gb.lib
		MODULE drawing.o
	LIBRARY /usr/local/Cellar/gbdk/HEAD-0d4a435/libexec/lib/small/asxxxx/gb/gb.lib
		MODULE gprint.o
	LIBRARY /usr/local/Cellar/gbdk/HEAD-0d4a435/libexec/lib/small/asxxxx/gb/gb.lib
		MODULE init_tt.o
	LIBRARY /usr/local/Cellar/gbdk/HEAD-0d4a435/libexec/lib/small/asxxxx/gb/gb.lib
		MODULE cpy_data.o
	LIBRARY /usr/local/Cellar/gbdk/HEAD-0d4a435/libexec/lib/small/asxxxx/gb/gb.lib
		MODULE ibmfixed.o
	LIBRARY /usr/local/Cellar/gbdk/HEAD-0d4a435/libexec/lib/small/asxxxx/gbz80/gbz80.lib
		MODULE div.o
	LIBRARY /usr/local/Cellar/gbdk/HEAD-0d4a435/libexec/lib/small/asxxxx/gb/gb.lib
		MODULE font.o
USERBASEDEF
	_CODE=0x0200
	_DATA=0xC0A0
	_CODE_1=0x4000
USERGLOBALDEF
	.OAM=0xC000
	.STACK=0xE000
	.refresh_OAM=0xFF80
	.init=0x0000
