AREA .  .ABS.
	RADIX HEX
	BASE 0000
	SIZE 0000
	ATTRIB ABS OVR
	GLOBALS
		l__DATA	0000
		l__HEAP	0000
		l__BSEG	0000
		l_.  .ABS.	0000
		l__GSFINAL	0000
		l__ISEG	0000
		s_.  .ABS.	0000
		s__HEADER	0000
		l__XSEG	0000
		.init	0000
		l__OVERLAY	0000
		l__LIT	0000
		l__GSINIT	0000
		l__GSINITTAIL	0001
		l__BSS	0087
		l__HEADER	01EB
		s__CODE	0200
		l__HOME	03FA
		l__CODE	09AF
		s__HOME	0BAF
		l__BASE	0EBA
		s__BASE	0FA9
		s__GSINITTAIL	1E63
		s__LIT	1E63
		s__GSINIT	1E63
		s__GSFINAL	1E64
		.OAM	C000
		s__DATA	C0A0
		s__BSS	C0A0
		s__HEAP	C127
		s__BSEG	C127
		s__ISEG	C127
		s__XSEG	C127
		s__OVERLAY	C127
		.STACK	E000
		.refresh_OAM	FF80
AREA _CODE
	RADIX HEX
	BASE 0200
	SIZE 09AF
	ATTRIB REL CON
	GLOBALS
		_main	0200
		_gprintn	02CD
		.adv_gcurs	033C
		.circle	0359
		.horlin	03FC
		.verlin	0434
		.circplot	0490
		.box	050E
		.line	05E4
		.xonly	0705
		.yonly	0854
		.plot	0875
		.wrbyte	0892
		.getpix	0914
		.wrtchr	0949
		_gotogxy	09AD
		_wrtchr	09B8
		_getpix	09CD
		_color	09D9
		_circle	09E8
		_box	0A02
		_line	0A26
		_plot_point	0A3E
		_plot	0A52
		__divschar_rrx_s	0A6E
		__divschar_rrx_hds	0A75
		__modschar_rrx_s	0A7C
		__modschar_rrx_hds	0A83
		__divsint_rrx_s	0A88
		__divsint_rrx_hds	0A94
		__modsint_rrx_s	0A9C
		__modsint_rrx_hds	0AA8
		__divuchar_rrx_s	0AAE
		__divuchar_rrx_hds	0AB5
		__moduchar_rrx_s	0ABC
		__moduchar_rrx_hds	0AC3
		__divuint_rrx_s	0AC8
		__divuint_rrx_hds	0AD4
		__moduint_rrx_s	0ADC
		__moduint_rrx_hds	0AE8
		.mod8	0AEE
		.div8	0AEE
		.mod16	0AF6
		.div16	0AF6
		.modu8	0B30
		.divu8	0B30
		.modu16	0B33
		.divu16	0B33
		_putchar	0B70
		_setchar	0B79
		_gotoxy	0B82
		_posx	0B8D
		_posy	0B9E
AREA _HEADER
	RADIX HEX
	BASE 0000
	SIZE 01EB
	ATTRIB ABS OVR
	GLOBALS
		_exit	01D2
AREA _HOME
	RADIX HEX
	BASE 0BAF
	SIZE 03FA
	ATTRIB REL CON
	GLOBALS
		.set_mode	0BAF
		.remove_VBL	0BBF
		.remove_LCD	0BC5
		.remove_TIM	0BCB
		.remove_SIO	0BD1
		.remove_JOY	0BD7
		.add_VBL	0BDD
		.add_LCD	0BE3
		.add_TIM	0BE9
		.add_SIO	0BEF
		.add_JOY	0BF5
		.remove_int	0BFB
		.add_int	0C1B
		.wait_vbl_done	0C37
		_wait_vbl_done	0C37
		_display_off	0C4E
		.display_off	0C4E
		.serial_IO	0C6F
		_mode	0C9E
		_get_mode	0CA7
		_enable_interrupts	0CAC
		_disable_interrupts	0CAE
		_reset	0CB0
		.reset	0CB0
		_set_interrupts	0CB6
		_remove_VBL	0CC1
		_remove_LCD	0CCC
		_remove_TIM	0CD7
		_remove_SIO	0CE2
		_remove_JOY	0CED
		_add_VBL	0CF8
		_add_LCD	0D03
		_add_TIM	0D0E
		_add_SIO	0D19
		_add_JOY	0D24
		_clock	0D2F
		__printTStates	0D38
		banked_call	0D39
		banked_ret	0D52
		_gprintf	0D5B
		_digits	0F75
		_gprint	0F88
AREA _BASE
	RADIX HEX
	BASE 0FA9
	SIZE 0EBA
	ATTRIB REL CON
	GLOBALS
		.padup	0FA9
		_waitpadup	0FA9
		.jpad	0FB9
		.wait_pad	0FE6
		_joypad	0FED
		_waitpad	0FF2
		.delay	0FFC
		_delay	1036
		.gmode	103F
		.vbl	10A1
		.lcd	10AC
		.draw_image	10B9
		.switch_data	10C3
		_switch_data	10FA
		_draw_image	1115
		.y_table	1128
		.init_vram	1248
		.init_wtt	1256
		.init_btt	1266
		.init_tt	1274
		.copy_vram	127A
		_get_data	1289
		_set_data	1289
		_font_load_ibm_fixed	129C
		_font_ibm_fixed	12A3
		_font_ibm_fixed_tiles	13A5
		font_copy_uncompressed	1BA5
		font_copy_compressed	1BDB
		font_load	1C30
		font_copy_current	1C78
		font_set	1CC0
		.put_char	1CCD
		.out_char	1CE6
		.del_char	1CED
		_font_load	1D48
		_font_set	1D56
		_font_init	1D65
		_cls	1D87
		.cls	1D87
		.cr_curs	1DB9
		.adv_curs	1DCE
		.tmode	1E2A
		.tmode_out	1E53
AREA _LIT
	RADIX HEX
	BASE 1E63
	SIZE 0000
	ATTRIB REL CON
AREA _GSINIT
	RADIX HEX
	BASE 1E63
	SIZE 0000
	ATTRIB REL CON
	GLOBALS
		gsinit	1E63
AREA _GSINITTAIL
	RADIX HEX
	BASE 1E63
	SIZE 0001
	ATTRIB REL CON
AREA _GSFINAL
	RADIX HEX
	BASE 1E64
	SIZE 0000
	ATTRIB REL CON
AREA _DATA
	RADIX HEX
	BASE C0A0
	SIZE 0000
	ATTRIB REL CON
AREA _BSS
	RADIX HEX
	BASE C0A0
	SIZE 0087
	ATTRIB REL CON
	GLOBALS
		__cpu	C0A0
		.mode	C0A1
		__io_out	C0A2
		__io_in	C0A3
		__io_status	C0A4
		.vbl_done	C0A5
		__current_bank	C0A6
		_sys_time	C0A7
		.sys_time	C0A7
		.int_0x40	C0A9
		.int_0x48	C0B9
		.int_0x50	C0C9
		.int_0x58	C0D9
		.int_0x60	C0E9
		.fg_colour	C0F9
		.bg_colour	C0FA
		font_current	C10F
		font_first_free_tile	C112
		font_table	C113
		.curx	C125
		.cury	C126
AREA _HEAP
	RADIX HEX
	BASE C127
	SIZE 0000
	ATTRIB REL CON
	GLOBALS
		_malloc_heap_start	C127
AREA _OVERLAY
	RADIX HEX
	BASE C127
	SIZE 0000
	ATTRIB REL CON
AREA _ISEG
	RADIX HEX
	BASE C127
	SIZE 0000
	ATTRIB REL CON
AREA _BSEG
	RADIX HEX
	BASE C127
	SIZE 0000
	ATTRIB REL CON
AREA _XSEG
	RADIX HEX
	BASE C127
	SIZE 0000
	ATTRIB REL CON
MODULES
	FILE /usr/local/Cellar/gbdk/HEAD-0d4a435/libexec/lib/small/asxxxx/gb/crt0.o
		NAME Runtime
	FILE beep.o
		NAME lcc362030
LIBRARIES
	LIBRARY /usr/local/Cellar/gbdk/HEAD-0d4a435/libexec/lib/small/asxxxx/gb/gb.lib
		MODULE gprintf.o
	LIBRARY /usr/local/Cellar/gbdk/HEAD-0d4a435/libexec/lib/small/asxxxx/gb/gb.lib
		MODULE gprintn.o
	LIBRARY /usr/local/Cellar/gbdk/HEAD-0d4a435/libexec/lib/small/asxxxx/gb/gb.lib
		MODULE digits.o
	LIBRARY /usr/local/Cellar/gbdk/HEAD-0d4a435/libexec/lib/small/asxxxx/gb/gb.lib
		MODULE pad.o
	LIBRARY /usr/local/Cellar/gbdk/HEAD-0d4a435/libexec/lib/small/asxxxx/gb/gb.lib
		MODULE delay.o
	LIBRARY /usr/local/Cellar/gbdk/HEAD-0d4a435/libexec/lib/small/asxxxx/gb/gb.lib
		MODULE drawing.o
	LIBRARY /usr/local/Cellar/gbdk/HEAD-0d4a435/libexec/lib/small/asxxxx/gb/gb.lib
		MODULE gprint.o
	LIBRARY /usr/local/Cellar/gbdk/HEAD-0d4a435/libexec/lib/small/asxxxx/gb/gb.lib
		MODULE init_tt.o
	LIBRARY /usr/local/Cellar/gbdk/HEAD-0d4a435/libexec/lib/small/asxxxx/gb/gb.lib
		MODULE cpy_data.o
	LIBRARY /usr/local/Cellar/gbdk/HEAD-0d4a435/libexec/lib/small/asxxxx/gb/gb.lib
		MODULE ibmfixed.o
	LIBRARY /usr/local/Cellar/gbdk/HEAD-0d4a435/libexec/lib/small/asxxxx/gbz80/gbz80.lib
		MODULE div.o
	LIBRARY /usr/local/Cellar/gbdk/HEAD-0d4a435/libexec/lib/small/asxxxx/gb/gb.lib
		MODULE font.o
USERBASEDEF
	_CODE=0x0200
	_DATA=0xC0A0
	_CODE_1=0x4000
USERGLOBALDEF
	.OAM=0xC000
	.STACK=0xE000
	.refresh_OAM=0xFF80
	.init=0x0000
