AREA .  .ABS.
	RADIX HEX
	BASE 0000
	SIZE 0000
	ATTRIB ABS OVR
	GLOBALS
		l__DATA	0000
		l__HEAP	0000
		l__BSEG	0000
		l_.  .ABS.	0000
		l__GSFINAL	0000
		l__ISEG	0000
		s_.  .ABS.	0000
		s__HEADER	0000
		l__XSEG	0000
		.init	0000
		l__OVERLAY	0000
		l__LIT	0000
		l__GSINIT	0000
		l__GSINITTAIL	0001
		l__BSS	0059
		l__BASE	0115
		l__CODE	0191
		l__HOME	01AC
		l__HEADER	01E1
		s__CODE	0200
		s__HOME	0391
		s__BASE	053D
		s__GSINITTAIL	0652
		s__LIT	0652
		s__GSINIT	0652
		s__GSFINAL	0653
		.OAM	C000
		s__DATA	C0A0
		s__BSS	C0A0
		s__HEAP	C0F9
		s__BSEG	C0F9
		s__ISEG	C0F9
		s__XSEG	C0F9
		s__OVERLAY	C0F9
		.STACK	E000
		.refresh_OAM	FF80
AREA _CODE
	RADIX HEX
	BASE 0200
	SIZE 0191
	ATTRIB REL CON
	GLOBALS
		_main	0200
		_Piece_init	027F
		_sprite	0329
		_Piece_move	0339
AREA _HEADER
	RADIX HEX
	BASE 0000
	SIZE 01E1
	ATTRIB ABS OVR
	GLOBALS
		_exit	01D2
AREA _HOME
	RADIX HEX
	BASE 0391
	SIZE 01AC
	ATTRIB REL CON
	GLOBALS
		.set_mode	0391
		.remove_VBL	03A1
		.remove_LCD	03A7
		.remove_TIM	03AD
		.remove_SIO	03B3
		.remove_JOY	03B9
		.add_VBL	03BF
		.add_LCD	03C5
		.add_TIM	03CB
		.add_SIO	03D1
		.add_JOY	03D7
		.remove_int	03DD
		.add_int	03FD
		.wait_vbl_done	0419
		_wait_vbl_done	0419
		_display_off	0430
		.display_off	0430
		.serial_IO	0451
		_mode	0480
		_get_mode	0489
		_enable_interrupts	048E
		_disable_interrupts	0490
		_reset	0492
		.reset	0492
		_set_interrupts	0498
		_remove_VBL	04A3
		_remove_LCD	04AE
		_remove_TIM	04B9
		_remove_SIO	04C4
		_remove_JOY	04CF
		_add_VBL	04DA
		_add_LCD	04E5
		_add_TIM	04F0
		_add_SIO	04FB
		_add_JOY	0506
		_clock	0511
		__printTStates	051A
		banked_call	051B
		banked_ret	0534
AREA _BASE
	RADIX HEX
	BASE 053D
	SIZE 0115
	ATTRIB REL CON
	GLOBALS
		.mv_sprite	053D
		_move_sprite	054C
		_set_win_data	0559
		_set_bkg_data	0559
		_set_sprite_data	05A6
		.set_sprite_tile	05D5
		_set_sprite_tile	05E2
		.delay	05ED
		_delay	0627
		.copy_vram	0630
		_get_data	063F
		_set_data	063F
AREA _LIT
	RADIX HEX
	BASE 0652
	SIZE 0000
	ATTRIB REL CON
AREA _GSINIT
	RADIX HEX
	BASE 0652
	SIZE 0000
	ATTRIB REL CON
	GLOBALS
		gsinit	0652
AREA _GSINITTAIL
	RADIX HEX
	BASE 0652
	SIZE 0001
	ATTRIB REL CON
AREA _GSFINAL
	RADIX HEX
	BASE 0653
	SIZE 0000
	ATTRIB REL CON
AREA _DATA
	RADIX HEX
	BASE C0A0
	SIZE 0000
	ATTRIB REL CON
AREA _BSS
	RADIX HEX
	BASE C0A0
	SIZE 0059
	ATTRIB REL CON
	GLOBALS
		__cpu	C0A0
		.mode	C0A1
		__io_out	C0A2
		__io_in	C0A3
		__io_status	C0A4
		.vbl_done	C0A5
		__current_bank	C0A6
		_sys_time	C0A7
		.sys_time	C0A7
		.int_0x40	C0A9
		.int_0x48	C0B9
		.int_0x50	C0C9
		.int_0x58	C0D9
		.int_0x60	C0E9
AREA _HEAP
	RADIX HEX
	BASE C0F9
	SIZE 0000
	ATTRIB REL CON
	GLOBALS
		_malloc_heap_start	C0F9
AREA _OVERLAY
	RADIX HEX
	BASE C0F9
	SIZE 0000
	ATTRIB REL CON
AREA _ISEG
	RADIX HEX
	BASE C0F9
	SIZE 0000
	ATTRIB REL CON
AREA _BSEG
	RADIX HEX
	BASE C0F9
	SIZE 0000
	ATTRIB REL CON
AREA _XSEG
	RADIX HEX
	BASE C0F9
	SIZE 0000
	ATTRIB REL CON
MODULES
	FILE /usr/local/Cellar/gbdk/HEAD-0d4a435/libexec/lib/small/asxxxx/gb/crt0.o
		NAME Runtime
	FILE /var/folders/fl/qnqz2l457m19_p96zpphwj5m0000gn/T/lcc50752.o
		NAME lcc50750
	FILE /var/folders/fl/qnqz2l457m19_p96zpphwj5m0000gn/T/lcc50753.o
		NAME lcc50750
LIBRARIES
	LIBRARY /usr/local/Cellar/gbdk/HEAD-0d4a435/libexec/lib/small/asxxxx/gb/gb.lib
		MODULE mv_spr.o
	LIBRARY /usr/local/Cellar/gbdk/HEAD-0d4a435/libexec/lib/small/asxxxx/gb/gb.lib
		MODULE set_data.o
	LIBRARY /usr/local/Cellar/gbdk/HEAD-0d4a435/libexec/lib/small/asxxxx/gb/gb.lib
		MODULE set_spr.o
	LIBRARY /usr/local/Cellar/gbdk/HEAD-0d4a435/libexec/lib/small/asxxxx/gb/gb.lib
		MODULE delay.o
	LIBRARY /usr/local/Cellar/gbdk/HEAD-0d4a435/libexec/lib/small/asxxxx/gb/gb.lib
		MODULE cpy_data.o
USERBASEDEF
	_CODE=0x0200
	_DATA=0xC0A0
	_CODE_1=0x4000
USERGLOBALDEF
	.OAM=0xC000
	.STACK=0xE000
	.refresh_OAM=0xFF80
	.init=0x0000
